%% PAGE 1
%% MediaBox [0.000000 0.000000 612.000000 792.000000]
q
468 0 0 640.7995 72 79.2005 cm
/Im1 Do
Q
BT
/F51 9.96264 Tf
1 0 0 1 303.5093 55.2901 Tm [<0052>]TJ
ET
%% OPERATORS count 9

%% PAGE 2
%% MediaBox [0.000000 0.000000 612.000000 792.000000]
q
6.782609 0 0 7.720477 72 79.2005 cm
/Im2 Do
Q
BT
/F51 9.96264 Tf
1 0 0 1 303.5093 55.2901 Tm [<006B>]TJ
ET
%% OPERATORS count 9

%% PAGE 3
%% MediaBox [0.000000 0.000000 612.000000 792.000000]
q
468 0 0 640.7995 72 79.2005 cm
/Im3 Do
Q
BT
/F51 9.96264 Tf
1 0 0 1 303.5093 55.2901 Tm [<006A>]TJ
ET
%% OPERATORS count 9

